// Jest Snapshot v1, https://goo.gl/fbAQLP

exports[`LargeCategoryCard Tests correctly renders snapshot 1`] = `
{
  "asFragment": [Function],
  "baseElement": <body>
    <div>
      <div
        class="largecategorycard-container"
        data-testid="largecategorycard-testId"
      >
        <div
          class="largecategorycard-header"
        >
          <div
            class="largecategorycard-title"
          >
            Expenses
          </div>
          <div
            class="largecategorycard-total"
          >
            -$1800 / month
          </div>
        </div>
        <div
          class="largecategorycard-content"
        >
          <div
            class="categorybreakdownbar-container"
            data-testid="categorybreakdownbar-testId"
          >
            <div
              class="categorybreakdownbar-value"
              style="width: 55%;"
            >
              Rent
            </div>
            <div
              class="categorybreakdownbar-divider"
            />
            <div
              class="categorybreakdownbar-value"
              style="width: 27%;"
            >
              Groceries
            </div>
            <div
              class="categorybreakdownbar-divider"
            />
            <div
              class="categorybreakdownbar-value"
              style="width: 11%;"
            />
            <div
              class="categorybreakdownbar-divider"
            />
            <div
              class="categorybreakdownbar-value"
              style="width: 5%;"
            />
          </div>
          <div
            class="categorylineitem-container"
            data-testid="categorylineitem-testId"
          >
            <div
              class="categorylineitem-lefthalf"
            >
              <div
                class="categorylineitem-title"
              >
                Rent
                 
                <span
                  class="categorylineitem-repeatingperiod"
                >
                   (monthly)
                   
                </span>
              </div>
              <div
                class="categorylineitem-value"
              >
                $
                1000
              </div>
            </div>
            <div
              class="categorylineitem-righthalf"
            >
              <div
                class="categorylineitem-bar"
                style="width: 55%;"
              />
              <div
                class="categorylineitem-percentage"
              >
                55
                %
              </div>
            </div>
          </div>
          <div
            class="categorylineitem-container"
            data-testid="categorylineitem-testId"
          >
            <div
              class="categorylineitem-lefthalf"
            >
              <div
                class="categorylineitem-title"
              >
                Groceries
                 
                <span
                  class="categorylineitem-repeatingperiod"
                >
                   (monthly)
                   
                </span>
              </div>
              <div
                class="categorylineitem-value"
              >
                $
                500
              </div>
            </div>
            <div
              class="categorylineitem-righthalf"
            >
              <div
                class="categorylineitem-bar"
                style="width: 27%;"
              />
              <div
                class="categorylineitem-percentage"
              >
                27
                %
              </div>
            </div>
          </div>
          <div
            class="categorylineitem-container"
            data-testid="categorylineitem-testId"
          >
            <div
              class="categorylineitem-lefthalf"
            >
              <div
                class="categorylineitem-title"
              >
                Car Insurance
                 
                <span
                  class="categorylineitem-repeatingperiod"
                >
                   (monthly)
                   
                </span>
              </div>
              <div
                class="categorylineitem-value"
              >
                $
                200
              </div>
            </div>
            <div
              class="categorylineitem-righthalf"
            >
              <div
                class="categorylineitem-bar"
                style="width: 11%;"
              />
              <div
                class="categorylineitem-percentage"
              >
                11
                %
              </div>
            </div>
          </div>
          <div
            class="categorylineitem-container"
            data-testid="categorylineitem-testId"
          >
            <div
              class="categorylineitem-lefthalf"
            >
              <div
                class="categorylineitem-title"
              >
                Gas
                 
                <span
                  class="categorylineitem-repeatingperiod"
                >
                   (monthly)
                   
                </span>
              </div>
              <div
                class="categorylineitem-value"
              >
                $
                100
              </div>
            </div>
            <div
              class="categorylineitem-righthalf"
            >
              <div
                class="categorylineitem-bar"
                style="width: 5%;"
              />
              <div
                class="categorylineitem-percentage"
              >
                5
                %
              </div>
            </div>
          </div>
        </div>
      </div>
    </div>
  </body>,
  "container": <div>
    <div
      class="largecategorycard-container"
      data-testid="largecategorycard-testId"
    >
      <div
        class="largecategorycard-header"
      >
        <div
          class="largecategorycard-title"
        >
          Expenses
        </div>
        <div
          class="largecategorycard-total"
        >
          -$1800 / month
        </div>
      </div>
      <div
        class="largecategorycard-content"
      >
        <div
          class="categorybreakdownbar-container"
          data-testid="categorybreakdownbar-testId"
        >
          <div
            class="categorybreakdownbar-value"
            style="width: 55%;"
          >
            Rent
          </div>
          <div
            class="categorybreakdownbar-divider"
          />
          <div
            class="categorybreakdownbar-value"
            style="width: 27%;"
          >
            Groceries
          </div>
          <div
            class="categorybreakdownbar-divider"
          />
          <div
            class="categorybreakdownbar-value"
            style="width: 11%;"
          />
          <div
            class="categorybreakdownbar-divider"
          />
          <div
            class="categorybreakdownbar-value"
            style="width: 5%;"
          />
        </div>
        <div
          class="categorylineitem-container"
          data-testid="categorylineitem-testId"
        >
          <div
            class="categorylineitem-lefthalf"
          >
            <div
              class="categorylineitem-title"
            >
              Rent
               
              <span
                class="categorylineitem-repeatingperiod"
              >
                 (monthly)
                 
              </span>
            </div>
            <div
              class="categorylineitem-value"
            >
              $
              1000
            </div>
          </div>
          <div
            class="categorylineitem-righthalf"
          >
            <div
              class="categorylineitem-bar"
              style="width: 55%;"
            />
            <div
              class="categorylineitem-percentage"
            >
              55
              %
            </div>
          </div>
        </div>
        <div
          class="categorylineitem-container"
          data-testid="categorylineitem-testId"
        >
          <div
            class="categorylineitem-lefthalf"
          >
            <div
              class="categorylineitem-title"
            >
              Groceries
               
              <span
                class="categorylineitem-repeatingperiod"
              >
                 (monthly)
                 
              </span>
            </div>
            <div
              class="categorylineitem-value"
            >
              $
              500
            </div>
          </div>
          <div
            class="categorylineitem-righthalf"
          >
            <div
              class="categorylineitem-bar"
              style="width: 27%;"
            />
            <div
              class="categorylineitem-percentage"
            >
              27
              %
            </div>
          </div>
        </div>
        <div
          class="categorylineitem-container"
          data-testid="categorylineitem-testId"
        >
          <div
            class="categorylineitem-lefthalf"
          >
            <div
              class="categorylineitem-title"
            >
              Car Insurance
               
              <span
                class="categorylineitem-repeatingperiod"
              >
                 (monthly)
                 
              </span>
            </div>
            <div
              class="categorylineitem-value"
            >
              $
              200
            </div>
          </div>
          <div
            class="categorylineitem-righthalf"
          >
            <div
              class="categorylineitem-bar"
              style="width: 11%;"
            />
            <div
              class="categorylineitem-percentage"
            >
              11
              %
            </div>
          </div>
        </div>
        <div
          class="categorylineitem-container"
          data-testid="categorylineitem-testId"
        >
          <div
            class="categorylineitem-lefthalf"
          >
            <div
              class="categorylineitem-title"
            >
              Gas
               
              <span
                class="categorylineitem-repeatingperiod"
              >
                 (monthly)
                 
              </span>
            </div>
            <div
              class="categorylineitem-value"
            >
              $
              100
            </div>
          </div>
          <div
            class="categorylineitem-righthalf"
          >
            <div
              class="categorylineitem-bar"
              style="width: 5%;"
            />
            <div
              class="categorylineitem-percentage"
            >
              5
              %
            </div>
          </div>
        </div>
      </div>
    </div>
  </div>,
  "debug": [Function],
  "findAllByAltText": [Function],
  "findAllByDisplayValue": [Function],
  "findAllByLabelText": [Function],
  "findAllByPlaceholderText": [Function],
  "findAllByRole": [Function],
  "findAllByTestId": [Function],
  "findAllByText": [Function],
  "findAllByTitle": [Function],
  "findByAltText": [Function],
  "findByDisplayValue": [Function],
  "findByLabelText": [Function],
  "findByPlaceholderText": [Function],
  "findByRole": [Function],
  "findByTestId": [Function],
  "findByText": [Function],
  "findByTitle": [Function],
  "getAllByAltText": [Function],
  "getAllByDisplayValue": [Function],
  "getAllByLabelText": [Function],
  "getAllByPlaceholderText": [Function],
  "getAllByRole": [Function],
  "getAllByTestId": [Function],
  "getAllByText": [Function],
  "getAllByTitle": [Function],
  "getByAltText": [Function],
  "getByDisplayValue": [Function],
  "getByLabelText": [Function],
  "getByPlaceholderText": [Function],
  "getByRole": [Function],
  "getByTestId": [Function],
  "getByText": [Function],
  "getByTitle": [Function],
  "queryAllByAltText": [Function],
  "queryAllByDisplayValue": [Function],
  "queryAllByLabelText": [Function],
  "queryAllByPlaceholderText": [Function],
  "queryAllByRole": [Function],
  "queryAllByTestId": [Function],
  "queryAllByText": [Function],
  "queryAllByTitle": [Function],
  "queryByAltText": [Function],
  "queryByDisplayValue": [Function],
  "queryByLabelText": [Function],
  "queryByPlaceholderText": [Function],
  "queryByRole": [Function],
  "queryByTestId": [Function],
  "queryByText": [Function],
  "queryByTitle": [Function],
  "rerender": [Function],
  "unmount": [Function],
}
`;
